// Jest Snapshot v1, https://goo.gl/fbAQLP

exports[`Stats component renders Stats 1`] = `
<section>
  <p>
    Speed: 
  </p>
  <p>
    Might: 
  </p>
  <p>
    Sanity: 
  </p>
  <p>
    Knowledge: 
  </p>
</section>
`;
